exports[`render 1`] = `
<EuiPage
  paddingSize="none"
>
  <EuiPageBody
    panelled={true}
  >
    <EuiPageHeader
      description="Workspace allow you to save and organize library items, such as index patterns, visualizations, dashboards, saved searches, and share them with other OpenSearch Dashboards users. You can control which features are visible in each workspace, and which users and groups have read and write access to the library items in the workspace."
      pageTitle="Workspaces"
      restrictWidth={true}
    />
    <EuiPageContent
      hasShadow={false}
      horizontalPosition="center"
      paddingSize="none"
      panelPaddingSize="l"
      style={
        Object {
          "maxWidth": 1000,
          "width": "100%",
        }
      }
      verticalPosition="center"
    >
      <EuiInMemoryTable
        columns={
          Array [
            Object {
              "field": "name",
              "name": "Name",
              "render": [Function],
              "sortable": true,
            },
            Object {
              "field": "id",
              "name": "ID",
              "sortable": true,
            },
            Object {
              "field": "description",
              "name": "Description",
              "truncateText": true,
            },
            Object {
              "field": "features",
              "hasActions": true,
              "isExpander": true,
              "name": "Features",
            },
            Object {
              "actions": Array [
                Object {
                  "description": "edit workspace",
                  "icon": "pencil",
                  "name": "Edit",
                  "onClick": [Function],
                  "type": "icon",
                },
              ],
              "field": "",
              "name": "Actions",
            },
          ]
        }
        isSelectable={true}
        itemId="id"
        items={Array []}
        onTableChange={[Function]}
        pagination={
          Object {
            "pageIndex": 0,
            "pageSize": 5,
            "pageSizeOptions": Array [
              5,
              10,
              20,
            ],
          }
        }
        responsive={true}
        search={
          Object {
            "box": Object {
              "incremental": true,
            },
            "onChange": [Function],
            "toolsRight": Array [
              <EuiButton
                href=""
              >
                Create workspace
              </EuiButton>,
            ],
          }
        }
        selection={
          Object {
            "onSelectionChange": [Function],
            "selectable": [Function],
          }
        }
        sorting={
          Object {
            "sort": Object {
              "direction": "asc",
              "field": "name",
            },
          }
        }
        tableLayout="fixed"
      />
    </EuiPageContent>
  </EuiPageBody>
</EuiPage>
`;
